// Jest Snapshot v1, https://goo.gl/fbAQLP

exports[`snapshot test: all alarms 1`] = `
Object {
  "Resources": Object {
    "ScopeTestmyredshiftclusterCPUUsageWarning8E35DCEC": Object {
      "Properties": Object {
        "ActionsEnabled": true,
        "AlarmDescription": "The CPU usage is too high.",
        "AlarmName": "Test-my-redshift-cluster-CPU-Usage-Warning",
        "ComparisonOperator": "GreaterThanThreshold",
        "DatapointsToAlarm": 3,
        "EvaluationPeriods": 3,
        "Metrics": Array [
          Object {
            "Id": "m1",
            "Label": "CPU Usage",
            "MetricStat": Object {
              "Metric": Object {
                "Dimensions": Array [
                  Object {
                    "Name": "DBClusterIdentifier",
                    "Value": "my-redshift-cluster",
                  },
                ],
                "MetricName": "CPUUtilization",
                "Namespace": "AWS/RDS",
              },
              "Period": 300,
              "Stat": "Average",
            },
            "ReturnData": true,
          },
        ],
        "Threshold": 70,
        "TreatMissingData": "missing",
      },
      "Type": "AWS::CloudWatch::Alarm",
    },
    "ScopeTestmyredshiftclusterDiskUsageWarning77DA71A5": Object {
      "Properties": Object {
        "ActionsEnabled": true,
        "AlarmDescription": "The disk usage is too high.",
        "AlarmName": "Test-my-redshift-cluster-Disk-Usage-Warning",
        "ComparisonOperator": "GreaterThanThreshold",
        "DatapointsToAlarm": 3,
        "EvaluationPeriods": 3,
        "Metrics": Array [
          Object {
            "Expression": "100 * (used/(used+free))",
            "Id": "expr_1",
            "Label": "Disk Usage",
          },
          Object {
            "Id": "used",
            "Label": "Used",
            "MetricStat": Object {
              "Metric": Object {
                "Dimensions": Array [
                  Object {
                    "Name": "DBClusterIdentifier",
                    "Value": "my-redshift-cluster",
                  },
                ],
                "MetricName": "VolumeBytesUsed",
                "Namespace": "AWS/RDS",
              },
              "Period": 300,
              "Stat": "Maximum",
            },
            "ReturnData": false,
          },
          Object {
            "Id": "free",
            "Label": "Free",
            "MetricStat": Object {
              "Metric": Object {
                "Dimensions": Array [
                  Object {
                    "Name": "DBClusterIdentifier",
                    "Value": "my-redshift-cluster",
                  },
                ],
                "MetricName": "FreeLocalStorage",
                "Namespace": "AWS/RDS",
              },
              "Period": 300,
              "Stat": "Minimum",
            },
            "ReturnData": false,
          },
        ],
        "Threshold": 80,
        "TreatMissingData": "missing",
      },
      "Type": "AWS::CloudWatch::Alarm",
    },
  },
}
`;

exports[`snapshot test: no alarms 1`] = `Object {}`;
