// Jest Snapshot v1, https://goo.gl/fbAQLP

exports[`snapshot test: all alarms 1`] = `
Object {
  "Resources": Object {
    "ScopeTestDummyApiErrorCountWarning11BE36AF": Object {
      "Properties": Object {
        "ActionsEnabled": true,
        "AlarmDescription": "Error count is too high.",
        "AlarmName": "Test-DummyApi-Error-Count-Warning",
        "ComparisonOperator": "GreaterThanThreshold",
        "DatapointsToAlarm": 10,
        "EvaluationPeriods": 10,
        "Metrics": Array [
          Object {
            "Id": "m1",
            "Label": "4xx",
            "MetricStat": Object {
              "Metric": Object {
                "Dimensions": Array [
                  Object {
                    "Name": "ApiId",
                    "Value": Object {
                      "Ref": "testHttpApiC57B300F",
                    },
                  },
                  Object {
                    "Name": "Stage",
                    "Value": "$default",
                  },
                ],
                "MetricName": "4xx",
                "Namespace": "AWS/ApiGateway",
              },
              "Period": 300,
              "Stat": "Sum",
            },
            "ReturnData": true,
          },
        ],
        "Threshold": 0.02,
        "TreatMissingData": "notBreaching",
      },
      "Type": "AWS::CloudWatch::Alarm",
    },
    "ScopeTestDummyApiErrorRateWarningD181D1C6": Object {
      "Properties": Object {
        "ActionsEnabled": true,
        "AlarmDescription": "Error rate is too high.",
        "AlarmName": "Test-DummyApi-Error-Rate-Warning",
        "ComparisonOperator": "GreaterThanThreshold",
        "DatapointsToAlarm": 20,
        "EvaluationPeriods": 20,
        "Metrics": Array [
          Object {
            "Id": "m1",
            "Label": "4xx (avg)",
            "MetricStat": Object {
              "Metric": Object {
                "Dimensions": Array [
                  Object {
                    "Name": "ApiId",
                    "Value": Object {
                      "Ref": "testHttpApiC57B300F",
                    },
                  },
                  Object {
                    "Name": "Stage",
                    "Value": "$default",
                  },
                ],
                "MetricName": "4xx",
                "Namespace": "AWS/ApiGateway",
              },
              "Period": 300,
              "Stat": "Average",
            },
            "ReturnData": true,
          },
        ],
        "Threshold": 0.01,
        "TreatMissingData": "notBreaching",
      },
      "Type": "AWS::CloudWatch::Alarm",
    },
    "ScopeTestDummyApiFaultCountWarning6270BEC0": Object {
      "Properties": Object {
        "ActionsEnabled": true,
        "AlarmDescription": "Fault count is too high.",
        "AlarmName": "Test-DummyApi-Fault-Count-Warning",
        "ComparisonOperator": "GreaterThanThreshold",
        "DatapointsToAlarm": 11,
        "EvaluationPeriods": 11,
        "Metrics": Array [
          Object {
            "Id": "m1",
            "Label": "5xx",
            "MetricStat": Object {
              "Metric": Object {
                "Dimensions": Array [
                  Object {
                    "Name": "ApiId",
                    "Value": Object {
                      "Ref": "testHttpApiC57B300F",
                    },
                  },
                  Object {
                    "Name": "Stage",
                    "Value": "$default",
                  },
                ],
                "MetricName": "5xx",
                "Namespace": "AWS/ApiGateway",
              },
              "Period": 300,
              "Stat": "Sum",
            },
            "ReturnData": true,
          },
        ],
        "Threshold": 2,
        "TreatMissingData": "notBreaching",
      },
      "Type": "AWS::CloudWatch::Alarm",
    },
    "ScopeTestDummyApiFaultRateWarning63CFB7F0": Object {
      "Properties": Object {
        "ActionsEnabled": true,
        "AlarmDescription": "Fault rate is too high.",
        "AlarmName": "Test-DummyApi-Fault-Rate-Warning",
        "ComparisonOperator": "GreaterThanThreshold",
        "DatapointsToAlarm": 22,
        "EvaluationPeriods": 22,
        "Metrics": Array [
          Object {
            "Id": "m1",
            "Label": "5xx (avg)",
            "MetricStat": Object {
              "Metric": Object {
                "Dimensions": Array [
                  Object {
                    "Name": "ApiId",
                    "Value": Object {
                      "Ref": "testHttpApiC57B300F",
                    },
                  },
                  Object {
                    "Name": "Stage",
                    "Value": "$default",
                  },
                ],
                "MetricName": "5xx",
                "Namespace": "AWS/ApiGateway",
              },
              "Period": 300,
              "Stat": "Average",
            },
            "ReturnData": true,
          },
        ],
        "Threshold": 1,
        "TreatMissingData": "notBreaching",
      },
      "Type": "AWS::CloudWatch::Alarm",
    },
    "ScopeTestDummyApiIntegrationLatencyAverageWarning1FB2E797": Object {
      "Properties": Object {
        "ActionsEnabled": true,
        "AlarmDescription": "Average integration latency is too high.",
        "AlarmName": "Test-DummyApi-IntegrationLatency-Average-Warning",
        "ComparisonOperator": "GreaterThanThreshold",
        "DatapointsToAlarm": 20,
        "EvaluationPeriods": 20,
        "Metrics": Array [
          Object {
            "Id": "m1",
            "Label": "Average",
            "MetricStat": Object {
              "Metric": Object {
                "Dimensions": Array [
                  Object {
                    "Name": "ApiId",
                    "Value": Object {
                      "Ref": "testHttpApiC57B300F",
                    },
                  },
                  Object {
                    "Name": "Stage",
                    "Value": "$default",
                  },
                ],
                "MetricName": "IntegrationLatency",
                "Namespace": "AWS/ApiGateway",
              },
              "Period": 300,
              "Stat": "Average",
            },
            "ReturnData": true,
          },
        ],
        "Threshold": 20,
        "TreatMissingData": "notBreaching",
      },
      "Type": "AWS::CloudWatch::Alarm",
    },
    "ScopeTestDummyApiIntegrationLatencyP100Warning347C1F98": Object {
      "Properties": Object {
        "ActionsEnabled": true,
        "AlarmDescription": "P100 integration latency is too high.",
        "AlarmName": "Test-DummyApi-IntegrationLatency-P100-Warning",
        "ComparisonOperator": "GreaterThanThreshold",
        "DatapointsToAlarm": 1100,
        "EvaluationPeriods": 1100,
        "Metrics": Array [
          Object {
            "Id": "m1",
            "Label": "P100",
            "MetricStat": Object {
              "Metric": Object {
                "Dimensions": Array [
                  Object {
                    "Name": "ApiId",
                    "Value": Object {
                      "Ref": "testHttpApiC57B300F",
                    },
                  },
                  Object {
                    "Name": "Stage",
                    "Value": "$default",
                  },
                ],
                "MetricName": "IntegrationLatency",
                "Namespace": "AWS/ApiGateway",
              },
              "Period": 300,
              "Stat": "p100",
            },
            "ReturnData": true,
          },
        ],
        "Threshold": 1100,
        "TreatMissingData": "notBreaching",
      },
      "Type": "AWS::CloudWatch::Alarm",
    },
    "ScopeTestDummyApiIntegrationLatencyP50WarningB23B4040": Object {
      "Properties": Object {
        "ActionsEnabled": true,
        "AlarmDescription": "P50 integration latency is too high.",
        "AlarmName": "Test-DummyApi-IntegrationLatency-P50-Warning",
        "ComparisonOperator": "GreaterThanThreshold",
        "DatapointsToAlarm": 150,
        "EvaluationPeriods": 150,
        "Metrics": Array [
          Object {
            "Id": "m1",
            "Label": "P50",
            "MetricStat": Object {
              "Metric": Object {
                "Dimensions": Array [
                  Object {
                    "Name": "ApiId",
                    "Value": Object {
                      "Ref": "testHttpApiC57B300F",
                    },
                  },
                  Object {
                    "Name": "Stage",
                    "Value": "$default",
                  },
                ],
                "MetricName": "IntegrationLatency",
                "Namespace": "AWS/ApiGateway",
              },
              "Period": 300,
              "Stat": "p50",
            },
            "ReturnData": true,
          },
        ],
        "Threshold": 150,
        "TreatMissingData": "notBreaching",
      },
      "Type": "AWS::CloudWatch::Alarm",
    },
    "ScopeTestDummyApiIntegrationLatencyP70Warning3CC3EBD5": Object {
      "Properties": Object {
        "ActionsEnabled": true,
        "AlarmDescription": "P70 integration latency is too high.",
        "AlarmName": "Test-DummyApi-IntegrationLatency-P70-Warning",
        "ComparisonOperator": "GreaterThanThreshold",
        "DatapointsToAlarm": 170,
        "EvaluationPeriods": 170,
        "Metrics": Array [
          Object {
            "Id": "m1",
            "Label": "P70",
            "MetricStat": Object {
              "Metric": Object {
                "Dimensions": Array [
                  Object {
                    "Name": "ApiId",
                    "Value": Object {
                      "Ref": "testHttpApiC57B300F",
                    },
                  },
                  Object {
                    "Name": "Stage",
                    "Value": "$default",
                  },
                ],
                "MetricName": "IntegrationLatency",
                "Namespace": "AWS/ApiGateway",
              },
              "Period": 300,
              "Stat": "p70",
            },
            "ReturnData": true,
          },
        ],
        "Threshold": 170,
        "TreatMissingData": "notBreaching",
      },
      "Type": "AWS::CloudWatch::Alarm",
    },
    "ScopeTestDummyApiIntegrationLatencyP90WarningF259FC77": Object {
      "Properties": Object {
        "ActionsEnabled": true,
        "AlarmDescription": "P90 integration latency is too high.",
        "AlarmName": "Test-DummyApi-IntegrationLatency-P90-Warning",
        "ComparisonOperator": "GreaterThanThreshold",
        "DatapointsToAlarm": 190,
        "EvaluationPeriods": 190,
        "Metrics": Array [
          Object {
            "Id": "m1",
            "Label": "P90",
            "MetricStat": Object {
              "Metric": Object {
                "Dimensions": Array [
                  Object {
                    "Name": "ApiId",
                    "Value": Object {
                      "Ref": "testHttpApiC57B300F",
                    },
                  },
                  Object {
                    "Name": "Stage",
                    "Value": "$default",
                  },
                ],
                "MetricName": "IntegrationLatency",
                "Namespace": "AWS/ApiGateway",
              },
              "Period": 300,
              "Stat": "p90",
            },
            "ReturnData": true,
          },
        ],
        "Threshold": 190,
        "TreatMissingData": "notBreaching",
      },
      "Type": "AWS::CloudWatch::Alarm",
    },
    "ScopeTestDummyApiIntegrationLatencyP9999WarningA7C40063": Object {
      "Properties": Object {
        "ActionsEnabled": true,
        "AlarmDescription": "P9999 integration latency is too high.",
        "AlarmName": "Test-DummyApi-IntegrationLatency-P9999-Warning",
        "ComparisonOperator": "GreaterThanThreshold",
        "DatapointsToAlarm": 19999,
        "EvaluationPeriods": 19999,
        "Metrics": Array [
          Object {
            "Id": "m1",
            "Label": "P99.99",
            "MetricStat": Object {
              "Metric": Object {
                "Dimensions": Array [
                  Object {
                    "Name": "ApiId",
                    "Value": Object {
                      "Ref": "testHttpApiC57B300F",
                    },
                  },
                  Object {
                    "Name": "Stage",
                    "Value": "$default",
                  },
                ],
                "MetricName": "IntegrationLatency",
                "Namespace": "AWS/ApiGateway",
              },
              "Period": 300,
              "Stat": "p99.99",
            },
            "ReturnData": true,
          },
        ],
        "Threshold": 19999,
        "TreatMissingData": "notBreaching",
      },
      "Type": "AWS::CloudWatch::Alarm",
    },
    "ScopeTestDummyApiIntegrationLatencyP999Warning9F27E61C": Object {
      "Properties": Object {
        "ActionsEnabled": true,
        "AlarmDescription": "P999 integration latency is too high.",
        "AlarmName": "Test-DummyApi-IntegrationLatency-P999-Warning",
        "ComparisonOperator": "GreaterThanThreshold",
        "DatapointsToAlarm": 1999,
        "EvaluationPeriods": 1999,
        "Metrics": Array [
          Object {
            "Id": "m1",
            "Label": "P99.9",
            "MetricStat": Object {
              "Metric": Object {
                "Dimensions": Array [
                  Object {
                    "Name": "ApiId",
                    "Value": Object {
                      "Ref": "testHttpApiC57B300F",
                    },
                  },
                  Object {
                    "Name": "Stage",
                    "Value": "$default",
                  },
                ],
                "MetricName": "IntegrationLatency",
                "Namespace": "AWS/ApiGateway",
              },
              "Period": 300,
              "Stat": "p99.9",
            },
            "ReturnData": true,
          },
        ],
        "Threshold": 1999,
        "TreatMissingData": "notBreaching",
      },
      "Type": "AWS::CloudWatch::Alarm",
    },
    "ScopeTestDummyApiIntegrationLatencyP99WarningC8929BAD": Object {
      "Properties": Object {
        "ActionsEnabled": true,
        "AlarmDescription": "P99 integration latency is too high.",
        "AlarmName": "Test-DummyApi-IntegrationLatency-P99-Warning",
        "ComparisonOperator": "GreaterThanThreshold",
        "DatapointsToAlarm": 199,
        "EvaluationPeriods": 199,
        "Metrics": Array [
          Object {
            "Id": "m1",
            "Label": "P99",
            "MetricStat": Object {
              "Metric": Object {
                "Dimensions": Array [
                  Object {
                    "Name": "ApiId",
                    "Value": Object {
                      "Ref": "testHttpApiC57B300F",
                    },
                  },
                  Object {
                    "Name": "Stage",
                    "Value": "$default",
                  },
                ],
                "MetricName": "IntegrationLatency",
                "Namespace": "AWS/ApiGateway",
              },
              "Period": 300,
              "Stat": "p99",
            },
            "ReturnData": true,
          },
        ],
        "Threshold": 199,
        "TreatMissingData": "notBreaching",
      },
      "Type": "AWS::CloudWatch::Alarm",
    },
    "ScopeTestDummyApiIntegrationLatencyTM50Warning6B4229D0": Object {
      "Properties": Object {
        "ActionsEnabled": true,
        "AlarmDescription": "TM50 integration latency is too high.",
        "AlarmName": "Test-DummyApi-IntegrationLatency-TM50-Warning",
        "ComparisonOperator": "GreaterThanThreshold",
        "DatapointsToAlarm": 250,
        "EvaluationPeriods": 250,
        "Metrics": Array [
          Object {
            "Id": "m1",
            "Label": "TM50",
            "MetricStat": Object {
              "Metric": Object {
                "Dimensions": Array [
                  Object {
                    "Name": "ApiId",
                    "Value": Object {
                      "Ref": "testHttpApiC57B300F",
                    },
                  },
                  Object {
                    "Name": "Stage",
                    "Value": "$default",
                  },
                ],
                "MetricName": "IntegrationLatency",
                "Namespace": "AWS/ApiGateway",
              },
              "Period": 300,
              "Stat": "tm50",
            },
            "ReturnData": true,
          },
        ],
        "Threshold": 250,
        "TreatMissingData": "notBreaching",
      },
      "Type": "AWS::CloudWatch::Alarm",
    },
    "ScopeTestDummyApiIntegrationLatencyTM70WarningB60BC024": Object {
      "Properties": Object {
        "ActionsEnabled": true,
        "AlarmDescription": "TM70 integration latency is too high.",
        "AlarmName": "Test-DummyApi-IntegrationLatency-TM70-Warning",
        "ComparisonOperator": "GreaterThanThreshold",
        "DatapointsToAlarm": 270,
        "EvaluationPeriods": 270,
        "Metrics": Array [
          Object {
            "Id": "m1",
            "Label": "TM70",
            "MetricStat": Object {
              "Metric": Object {
                "Dimensions": Array [
                  Object {
                    "Name": "ApiId",
                    "Value": Object {
                      "Ref": "testHttpApiC57B300F",
                    },
                  },
                  Object {
                    "Name": "Stage",
                    "Value": "$default",
                  },
                ],
                "MetricName": "IntegrationLatency",
                "Namespace": "AWS/ApiGateway",
              },
              "Period": 300,
              "Stat": "tm70",
            },
            "ReturnData": true,
          },
        ],
        "Threshold": 270,
        "TreatMissingData": "notBreaching",
      },
      "Type": "AWS::CloudWatch::Alarm",
    },
    "ScopeTestDummyApiIntegrationLatencyTM90Warning2A0B535F": Object {
      "Properties": Object {
        "ActionsEnabled": true,
        "AlarmDescription": "TM90 integration latency is too high.",
        "AlarmName": "Test-DummyApi-IntegrationLatency-TM90-Warning",
        "ComparisonOperator": "GreaterThanThreshold",
        "DatapointsToAlarm": 290,
        "EvaluationPeriods": 290,
        "Metrics": Array [
          Object {
            "Id": "m1",
            "Label": "TM90",
            "MetricStat": Object {
              "Metric": Object {
                "Dimensions": Array [
                  Object {
                    "Name": "ApiId",
                    "Value": Object {
                      "Ref": "testHttpApiC57B300F",
                    },
                  },
                  Object {
                    "Name": "Stage",
                    "Value": "$default",
                  },
                ],
                "MetricName": "IntegrationLatency",
                "Namespace": "AWS/ApiGateway",
              },
              "Period": 300,
              "Stat": "tm90",
            },
            "ReturnData": true,
          },
        ],
        "Threshold": 290,
        "TreatMissingData": "notBreaching",
      },
      "Type": "AWS::CloudWatch::Alarm",
    },
    "ScopeTestDummyApiIntegrationLatencyTM9999Warning26E553E4": Object {
      "Properties": Object {
        "ActionsEnabled": true,
        "AlarmDescription": "TM9999 integration latency is too high.",
        "AlarmName": "Test-DummyApi-IntegrationLatency-TM9999-Warning",
        "ComparisonOperator": "GreaterThanThreshold",
        "DatapointsToAlarm": 29999,
        "EvaluationPeriods": 29999,
        "Metrics": Array [
          Object {
            "Id": "m1",
            "Label": "TM99.99",
            "MetricStat": Object {
              "Metric": Object {
                "Dimensions": Array [
                  Object {
                    "Name": "ApiId",
                    "Value": Object {
                      "Ref": "testHttpApiC57B300F",
                    },
                  },
                  Object {
                    "Name": "Stage",
                    "Value": "$default",
                  },
                ],
                "MetricName": "IntegrationLatency",
                "Namespace": "AWS/ApiGateway",
              },
              "Period": 300,
              "Stat": "tm99.99",
            },
            "ReturnData": true,
          },
        ],
        "Threshold": 29999,
        "TreatMissingData": "notBreaching",
      },
      "Type": "AWS::CloudWatch::Alarm",
    },
    "ScopeTestDummyApiIntegrationLatencyTM999Warning08B604B1": Object {
      "Properties": Object {
        "ActionsEnabled": true,
        "AlarmDescription": "TM999 integration latency is too high.",
        "AlarmName": "Test-DummyApi-IntegrationLatency-TM999-Warning",
        "ComparisonOperator": "GreaterThanThreshold",
        "DatapointsToAlarm": 2999,
        "EvaluationPeriods": 2999,
        "Metrics": Array [
          Object {
            "Id": "m1",
            "Label": "TM99.9",
            "MetricStat": Object {
              "Metric": Object {
                "Dimensions": Array [
                  Object {
                    "Name": "ApiId",
                    "Value": Object {
                      "Ref": "testHttpApiC57B300F",
                    },
                  },
                  Object {
                    "Name": "Stage",
                    "Value": "$default",
                  },
                ],
                "MetricName": "IntegrationLatency",
                "Namespace": "AWS/ApiGateway",
              },
              "Period": 300,
              "Stat": "tm99.9",
            },
            "ReturnData": true,
          },
        ],
        "Threshold": 2999,
        "TreatMissingData": "notBreaching",
      },
      "Type": "AWS::CloudWatch::Alarm",
    },
    "ScopeTestDummyApiIntegrationLatencyTM99WarningACB026E2": Object {
      "Properties": Object {
        "ActionsEnabled": true,
        "AlarmDescription": "TM99 integration latency is too high.",
        "AlarmName": "Test-DummyApi-IntegrationLatency-TM99-Warning",
        "ComparisonOperator": "GreaterThanThreshold",
        "DatapointsToAlarm": 299,
        "EvaluationPeriods": 299,
        "Metrics": Array [
          Object {
            "Id": "m1",
            "Label": "TM99",
            "MetricStat": Object {
              "Metric": Object {
                "Dimensions": Array [
                  Object {
                    "Name": "ApiId",
                    "Value": Object {
                      "Ref": "testHttpApiC57B300F",
                    },
                  },
                  Object {
                    "Name": "Stage",
                    "Value": "$default",
                  },
                ],
                "MetricName": "IntegrationLatency",
                "Namespace": "AWS/ApiGateway",
              },
              "Period": 300,
              "Stat": "tm99",
            },
            "ReturnData": true,
          },
        ],
        "Threshold": 299,
        "TreatMissingData": "notBreaching",
      },
      "Type": "AWS::CloudWatch::Alarm",
    },
    "ScopeTestDummyApiLatencyAverageWarning27D59767": Object {
      "Properties": Object {
        "ActionsEnabled": true,
        "AlarmDescription": "Average latency is too high.",
        "AlarmName": "Test-DummyApi-Latency-Average-Warning",
        "ComparisonOperator": "GreaterThanThreshold",
        "DatapointsToAlarm": 20,
        "EvaluationPeriods": 20,
        "Metrics": Array [
          Object {
            "Id": "m1",
            "Label": "Average",
            "MetricStat": Object {
              "Metric": Object {
                "Dimensions": Array [
                  Object {
                    "Name": "ApiId",
                    "Value": Object {
                      "Ref": "testHttpApiC57B300F",
                    },
                  },
                  Object {
                    "Name": "Stage",
                    "Value": "$default",
                  },
                ],
                "MetricName": "Latency",
                "Namespace": "AWS/ApiGateway",
              },
              "Period": 300,
              "Stat": "Average",
            },
            "ReturnData": true,
          },
        ],
        "Threshold": 20,
        "TreatMissingData": "notBreaching",
      },
      "Type": "AWS::CloudWatch::Alarm",
    },
    "ScopeTestDummyApiLatencyP100WarningB48A5E64": Object {
      "Properties": Object {
        "ActionsEnabled": true,
        "AlarmDescription": "P100 latency is too high.",
        "AlarmName": "Test-DummyApi-Latency-P100-Warning",
        "ComparisonOperator": "GreaterThanThreshold",
        "DatapointsToAlarm": 1100,
        "EvaluationPeriods": 1100,
        "Metrics": Array [
          Object {
            "Id": "m1",
            "Label": "P100",
            "MetricStat": Object {
              "Metric": Object {
                "Dimensions": Array [
                  Object {
                    "Name": "ApiId",
                    "Value": Object {
                      "Ref": "testHttpApiC57B300F",
                    },
                  },
                  Object {
                    "Name": "Stage",
                    "Value": "$default",
                  },
                ],
                "MetricName": "Latency",
                "Namespace": "AWS/ApiGateway",
              },
              "Period": 300,
              "Stat": "p100",
            },
            "ReturnData": true,
          },
        ],
        "Threshold": 1100,
        "TreatMissingData": "notBreaching",
      },
      "Type": "AWS::CloudWatch::Alarm",
    },
    "ScopeTestDummyApiLatencyP50Warning7EEB3E57": Object {
      "Properties": Object {
        "ActionsEnabled": true,
        "AlarmDescription": "P50 latency is too high.",
        "AlarmName": "Test-DummyApi-Latency-P50-Warning",
        "ComparisonOperator": "GreaterThanThreshold",
        "DatapointsToAlarm": 150,
        "EvaluationPeriods": 150,
        "Metrics": Array [
          Object {
            "Id": "m1",
            "Label": "P50",
            "MetricStat": Object {
              "Metric": Object {
                "Dimensions": Array [
                  Object {
                    "Name": "ApiId",
                    "Value": Object {
                      "Ref": "testHttpApiC57B300F",
                    },
                  },
                  Object {
                    "Name": "Stage",
                    "Value": "$default",
                  },
                ],
                "MetricName": "Latency",
                "Namespace": "AWS/ApiGateway",
              },
              "Period": 300,
              "Stat": "p50",
            },
            "ReturnData": true,
          },
        ],
        "Threshold": 150,
        "TreatMissingData": "notBreaching",
      },
      "Type": "AWS::CloudWatch::Alarm",
    },
    "ScopeTestDummyApiLatencyP70Warning56ABF038": Object {
      "Properties": Object {
        "ActionsEnabled": true,
        "AlarmDescription": "P70 latency is too high.",
        "AlarmName": "Test-DummyApi-Latency-P70-Warning",
        "ComparisonOperator": "GreaterThanThreshold",
        "DatapointsToAlarm": 170,
        "EvaluationPeriods": 170,
        "Metrics": Array [
          Object {
            "Id": "m1",
            "Label": "P70",
            "MetricStat": Object {
              "Metric": Object {
                "Dimensions": Array [
                  Object {
                    "Name": "ApiId",
                    "Value": Object {
                      "Ref": "testHttpApiC57B300F",
                    },
                  },
                  Object {
                    "Name": "Stage",
                    "Value": "$default",
                  },
                ],
                "MetricName": "Latency",
                "Namespace": "AWS/ApiGateway",
              },
              "Period": 300,
              "Stat": "p70",
            },
            "ReturnData": true,
          },
        ],
        "Threshold": 170,
        "TreatMissingData": "notBreaching",
      },
      "Type": "AWS::CloudWatch::Alarm",
    },
    "ScopeTestDummyApiLatencyP90Warning48639A66": Object {
      "Properties": Object {
        "ActionsEnabled": true,
        "AlarmDescription": "P90 latency is too high.",
        "AlarmName": "Test-DummyApi-Latency-P90-Warning",
        "ComparisonOperator": "GreaterThanThreshold",
        "DatapointsToAlarm": 190,
        "EvaluationPeriods": 190,
        "Metrics": Array [
          Object {
            "Id": "m1",
            "Label": "P90",
            "MetricStat": Object {
              "Metric": Object {
                "Dimensions": Array [
                  Object {
                    "Name": "ApiId",
                    "Value": Object {
                      "Ref": "testHttpApiC57B300F",
                    },
                  },
                  Object {
                    "Name": "Stage",
                    "Value": "$default",
                  },
                ],
                "MetricName": "Latency",
                "Namespace": "AWS/ApiGateway",
              },
              "Period": 300,
              "Stat": "p90",
            },
            "ReturnData": true,
          },
        ],
        "Threshold": 190,
        "TreatMissingData": "notBreaching",
      },
      "Type": "AWS::CloudWatch::Alarm",
    },
    "ScopeTestDummyApiLatencyP9999Warning89E47C72": Object {
      "Properties": Object {
        "ActionsEnabled": true,
        "AlarmDescription": "P9999 latency is too high.",
        "AlarmName": "Test-DummyApi-Latency-P9999-Warning",
        "ComparisonOperator": "GreaterThanThreshold",
        "DatapointsToAlarm": 19999,
        "EvaluationPeriods": 19999,
        "Metrics": Array [
          Object {
            "Id": "m1",
            "Label": "P99.99",
            "MetricStat": Object {
              "Metric": Object {
                "Dimensions": Array [
                  Object {
                    "Name": "ApiId",
                    "Value": Object {
                      "Ref": "testHttpApiC57B300F",
                    },
                  },
                  Object {
                    "Name": "Stage",
                    "Value": "$default",
                  },
                ],
                "MetricName": "Latency",
                "Namespace": "AWS/ApiGateway",
              },
              "Period": 300,
              "Stat": "p99.99",
            },
            "ReturnData": true,
          },
        ],
        "Threshold": 19999,
        "TreatMissingData": "notBreaching",
      },
      "Type": "AWS::CloudWatch::Alarm",
    },
    "ScopeTestDummyApiLatencyP999Warning8CF0377D": Object {
      "Properties": Object {
        "ActionsEnabled": true,
        "AlarmDescription": "P999 latency is too high.",
        "AlarmName": "Test-DummyApi-Latency-P999-Warning",
        "ComparisonOperator": "GreaterThanThreshold",
        "DatapointsToAlarm": 1999,
        "EvaluationPeriods": 1999,
        "Metrics": Array [
          Object {
            "Id": "m1",
            "Label": "P99.9",
            "MetricStat": Object {
              "Metric": Object {
                "Dimensions": Array [
                  Object {
                    "Name": "ApiId",
                    "Value": Object {
                      "Ref": "testHttpApiC57B300F",
                    },
                  },
                  Object {
                    "Name": "Stage",
                    "Value": "$default",
                  },
                ],
                "MetricName": "Latency",
                "Namespace": "AWS/ApiGateway",
              },
              "Period": 300,
              "Stat": "p99.9",
            },
            "ReturnData": true,
          },
        ],
        "Threshold": 1999,
        "TreatMissingData": "notBreaching",
      },
      "Type": "AWS::CloudWatch::Alarm",
    },
    "ScopeTestDummyApiLatencyP99Warning254DA12C": Object {
      "Properties": Object {
        "ActionsEnabled": true,
        "AlarmDescription": "P99 latency is too high.",
        "AlarmName": "Test-DummyApi-Latency-P99-Warning",
        "ComparisonOperator": "GreaterThanThreshold",
        "DatapointsToAlarm": 199,
        "EvaluationPeriods": 199,
        "Metrics": Array [
          Object {
            "Id": "m1",
            "Label": "P99",
            "MetricStat": Object {
              "Metric": Object {
                "Dimensions": Array [
                  Object {
                    "Name": "ApiId",
                    "Value": Object {
                      "Ref": "testHttpApiC57B300F",
                    },
                  },
                  Object {
                    "Name": "Stage",
                    "Value": "$default",
                  },
                ],
                "MetricName": "Latency",
                "Namespace": "AWS/ApiGateway",
              },
              "Period": 300,
              "Stat": "p99",
            },
            "ReturnData": true,
          },
        ],
        "Threshold": 199,
        "TreatMissingData": "notBreaching",
      },
      "Type": "AWS::CloudWatch::Alarm",
    },
    "ScopeTestDummyApiLatencyTM50Warning092E86BF": Object {
      "Properties": Object {
        "ActionsEnabled": true,
        "AlarmDescription": "TM50 latency is too high.",
        "AlarmName": "Test-DummyApi-Latency-TM50-Warning",
        "ComparisonOperator": "GreaterThanThreshold",
        "DatapointsToAlarm": 250,
        "EvaluationPeriods": 250,
        "Metrics": Array [
          Object {
            "Id": "m1",
            "Label": "TM50",
            "MetricStat": Object {
              "Metric": Object {
                "Dimensions": Array [
                  Object {
                    "Name": "ApiId",
                    "Value": Object {
                      "Ref": "testHttpApiC57B300F",
                    },
                  },
                  Object {
                    "Name": "Stage",
                    "Value": "$default",
                  },
                ],
                "MetricName": "Latency",
                "Namespace": "AWS/ApiGateway",
              },
              "Period": 300,
              "Stat": "tm50",
            },
            "ReturnData": true,
          },
        ],
        "Threshold": 250,
        "TreatMissingData": "notBreaching",
      },
      "Type": "AWS::CloudWatch::Alarm",
    },
    "ScopeTestDummyApiLatencyTM70Warning8E657453": Object {
      "Properties": Object {
        "ActionsEnabled": true,
        "AlarmDescription": "TM70 latency is too high.",
        "AlarmName": "Test-DummyApi-Latency-TM70-Warning",
        "ComparisonOperator": "GreaterThanThreshold",
        "DatapointsToAlarm": 270,
        "EvaluationPeriods": 270,
        "Metrics": Array [
          Object {
            "Id": "m1",
            "Label": "TM70",
            "MetricStat": Object {
              "Metric": Object {
                "Dimensions": Array [
                  Object {
                    "Name": "ApiId",
                    "Value": Object {
                      "Ref": "testHttpApiC57B300F",
                    },
                  },
                  Object {
                    "Name": "Stage",
                    "Value": "$default",
                  },
                ],
                "MetricName": "Latency",
                "Namespace": "AWS/ApiGateway",
              },
              "Period": 300,
              "Stat": "tm70",
            },
            "ReturnData": true,
          },
        ],
        "Threshold": 270,
        "TreatMissingData": "notBreaching",
      },
      "Type": "AWS::CloudWatch::Alarm",
    },
    "ScopeTestDummyApiLatencyTM90Warning0FDD3108": Object {
      "Properties": Object {
        "ActionsEnabled": true,
        "AlarmDescription": "TM90 latency is too high.",
        "AlarmName": "Test-DummyApi-Latency-TM90-Warning",
        "ComparisonOperator": "GreaterThanThreshold",
        "DatapointsToAlarm": 290,
        "EvaluationPeriods": 290,
        "Metrics": Array [
          Object {
            "Id": "m1",
            "Label": "TM90",
            "MetricStat": Object {
              "Metric": Object {
                "Dimensions": Array [
                  Object {
                    "Name": "ApiId",
                    "Value": Object {
                      "Ref": "testHttpApiC57B300F",
                    },
                  },
                  Object {
                    "Name": "Stage",
                    "Value": "$default",
                  },
                ],
                "MetricName": "Latency",
                "Namespace": "AWS/ApiGateway",
              },
              "Period": 300,
              "Stat": "tm90",
            },
            "ReturnData": true,
          },
        ],
        "Threshold": 290,
        "TreatMissingData": "notBreaching",
      },
      "Type": "AWS::CloudWatch::Alarm",
    },
    "ScopeTestDummyApiLatencyTM9999Warning4181DE97": Object {
      "Properties": Object {
        "ActionsEnabled": true,
        "AlarmDescription": "TM9999 latency is too high.",
        "AlarmName": "Test-DummyApi-Latency-TM9999-Warning",
        "ComparisonOperator": "GreaterThanThreshold",
        "DatapointsToAlarm": 29999,
        "EvaluationPeriods": 29999,
        "Metrics": Array [
          Object {
            "Id": "m1",
            "Label": "TM99.99",
            "MetricStat": Object {
              "Metric": Object {
                "Dimensions": Array [
                  Object {
                    "Name": "ApiId",
                    "Value": Object {
                      "Ref": "testHttpApiC57B300F",
                    },
                  },
                  Object {
                    "Name": "Stage",
                    "Value": "$default",
                  },
                ],
                "MetricName": "Latency",
                "Namespace": "AWS/ApiGateway",
              },
              "Period": 300,
              "Stat": "tm99.99",
            },
            "ReturnData": true,
          },
        ],
        "Threshold": 29999,
        "TreatMissingData": "notBreaching",
      },
      "Type": "AWS::CloudWatch::Alarm",
    },
    "ScopeTestDummyApiLatencyTM999WarningD73972C6": Object {
      "Properties": Object {
        "ActionsEnabled": true,
        "AlarmDescription": "TM999 latency is too high.",
        "AlarmName": "Test-DummyApi-Latency-TM999-Warning",
        "ComparisonOperator": "GreaterThanThreshold",
        "DatapointsToAlarm": 2999,
        "EvaluationPeriods": 2999,
        "Metrics": Array [
          Object {
            "Id": "m1",
            "Label": "TM99.9",
            "MetricStat": Object {
              "Metric": Object {
                "Dimensions": Array [
                  Object {
                    "Name": "ApiId",
                    "Value": Object {
                      "Ref": "testHttpApiC57B300F",
                    },
                  },
                  Object {
                    "Name": "Stage",
                    "Value": "$default",
                  },
                ],
                "MetricName": "Latency",
                "Namespace": "AWS/ApiGateway",
              },
              "Period": 300,
              "Stat": "tm99.9",
            },
            "ReturnData": true,
          },
        ],
        "Threshold": 2999,
        "TreatMissingData": "notBreaching",
      },
      "Type": "AWS::CloudWatch::Alarm",
    },
    "ScopeTestDummyApiLatencyTM99WarningFF55C464": Object {
      "Properties": Object {
        "ActionsEnabled": true,
        "AlarmDescription": "TM99 latency is too high.",
        "AlarmName": "Test-DummyApi-Latency-TM99-Warning",
        "ComparisonOperator": "GreaterThanThreshold",
        "DatapointsToAlarm": 299,
        "EvaluationPeriods": 299,
        "Metrics": Array [
          Object {
            "Id": "m1",
            "Label": "TM99",
            "MetricStat": Object {
              "Metric": Object {
                "Dimensions": Array [
                  Object {
                    "Name": "ApiId",
                    "Value": Object {
                      "Ref": "testHttpApiC57B300F",
                    },
                  },
                  Object {
                    "Name": "Stage",
                    "Value": "$default",
                  },
                ],
                "MetricName": "Latency",
                "Namespace": "AWS/ApiGateway",
              },
              "Period": 300,
              "Stat": "tm99",
            },
            "ReturnData": true,
          },
        ],
        "Threshold": 299,
        "TreatMissingData": "notBreaching",
      },
      "Type": "AWS::CloudWatch::Alarm",
    },
    "ScopeTestDummyApiMaxTPSWarning62732F2B": Object {
      "Properties": Object {
        "ActionsEnabled": true,
        "AlarmDescription": "TPS is too high.",
        "AlarmName": "Test-DummyApi-MaxTPS-Warning",
        "ComparisonOperator": "GreaterThanThreshold",
        "DatapointsToAlarm": 3,
        "EvaluationPeriods": 3,
        "Metrics": Array [
          Object {
            "Expression": "requests / PERIOD(requests)",
            "Id": "expr_1",
            "Label": "TPS",
          },
          Object {
            "Id": "requests",
            "Label": "Invocations",
            "MetricStat": Object {
              "Metric": Object {
                "Dimensions": Array [
                  Object {
                    "Name": "ApiId",
                    "Value": Object {
                      "Ref": "testHttpApiC57B300F",
                    },
                  },
                  Object {
                    "Name": "Stage",
                    "Value": "$default",
                  },
                ],
                "MetricName": "Count",
                "Namespace": "AWS/ApiGateway",
              },
              "Period": 300,
              "Stat": "Sum",
            },
            "ReturnData": false,
          },
        ],
        "Threshold": 10,
        "TreatMissingData": "missing",
      },
      "Type": "AWS::CloudWatch::Alarm",
    },
    "ScopeTestDummyApiMinTPSWarning4E8DB4D0": Object {
      "Properties": Object {
        "ActionsEnabled": true,
        "AlarmDescription": "TPS is too low.",
        "AlarmName": "Test-DummyApi-MinTPS-Warning",
        "ComparisonOperator": "LessThanThreshold",
        "DatapointsToAlarm": 3,
        "EvaluationPeriods": 3,
        "Metrics": Array [
          Object {
            "Expression": "requests / PERIOD(requests)",
            "Id": "expr_1",
            "Label": "TPS",
          },
          Object {
            "Id": "requests",
            "Label": "Invocations",
            "MetricStat": Object {
              "Metric": Object {
                "Dimensions": Array [
                  Object {
                    "Name": "ApiId",
                    "Value": Object {
                      "Ref": "testHttpApiC57B300F",
                    },
                  },
                  Object {
                    "Name": "Stage",
                    "Value": "$default",
                  },
                ],
                "MetricName": "Count",
                "Namespace": "AWS/ApiGateway",
              },
              "Period": 300,
              "Stat": "Sum",
            },
            "ReturnData": false,
          },
        ],
        "Threshold": 1,
        "TreatMissingData": "missing",
      },
      "Type": "AWS::CloudWatch::Alarm",
    },
    "testHttpApiC57B300F": Object {
      "Properties": Object {
        "Name": "testHttpApi",
        "ProtocolType": "HTTP",
      },
      "Type": "AWS::ApiGatewayV2::Api",
    },
    "testHttpApiDefaultStageBA851B68": Object {
      "Properties": Object {
        "ApiId": Object {
          "Ref": "testHttpApiC57B300F",
        },
        "AutoDeploy": true,
        "StageName": "$default",
      },
      "Type": "AWS::ApiGatewayV2::Stage",
    },
  },
}
`;

exports[`snapshot test: no alarms 1`] = `
Object {
  "Resources": Object {
    "testHttpApiC57B300F": Object {
      "Properties": Object {
        "Name": "testHttpApi",
        "ProtocolType": "HTTP",
      },
      "Type": "AWS::ApiGatewayV2::Api",
    },
    "testHttpApiDefaultStageBA851B68": Object {
      "Properties": Object {
        "ApiId": Object {
          "Ref": "testHttpApiC57B300F",
        },
        "AutoDeploy": true,
        "StageName": "$default",
      },
      "Type": "AWS::ApiGatewayV2::Stage",
    },
  },
}
`;
