// Jest Snapshot v1, https://goo.gl/fbAQLP

exports[`support 1`] = `
Object {
  "Mappings": [MAPPING REMOVED],
  "Parameters": Object {
    "BootstrapVersion": Object {
      "Default": "/cdk-bootstrap/hnb659fds/version",
      "Description": "Version of the CDK Bootstrap resources in this environment, automatically retrieved from SSM Parameter Store. [cdk:skip]",
      "Type": "AWS::SSM::Parameter::Value<String>",
    },
  },
  "Resources": Object {
    "SupportLambdaE954141B": Object {
      "DependsOn": Array [
        "SupportLambdaServiceRoleDefaultPolicyF2B2E1DB",
        "SupportLambdaServiceRole250832F3",
      ],
      "Properties": Object {
        "Code": Object {
          "S3Bucket": Object {
            "Fn::Sub": "cdk-hnb659fds-assets-\${AWS::AccountId}-\${AWS::Region}",
          },
          "S3Key": "[HASH REMOVED].zip",
        },
        "Description": "Custom Widget Render for Bitmap Widgets (cdk-monitoring-constructs)",
        "Handler": "index.handler",
        "LoggingConfig": Object {
          "LogGroup": Object {
            "Ref": "SupportLambdaLogsAD5B49AF",
          },
        },
        "MemorySize": 128,
        "Role": Object {
          "Fn::GetAtt": Array [
            "SupportLambdaServiceRole250832F3",
            "Arn",
          ],
        },
        "Runtime": Object {
          "Fn::FindInMap": Array [
            "LatestNodeRuntimeMap",
            Object {
              "Ref": "AWS::Region",
            },
            "value",
          ],
        },
        "Tags": Array [
          Object {
            "Key": "cw-custom-widget",
            "Value": "describe:readOnly",
          },
        ],
        "Timeout": 60,
      },
      "Type": "AWS::Lambda::Function",
    },
    "SupportLambdaLogsAD5B49AF": Object {
      "DeletionPolicy": "RetainExceptOnCreate",
      "Properties": Object {
        "RetentionInDays": 1,
      },
      "Type": "AWS::Logs::LogGroup",
      "UpdateReplacePolicy": "Retain",
    },
    "SupportLambdaServiceRole250832F3": Object {
      "Properties": Object {
        "AssumeRolePolicyDocument": Object {
          "Statement": Array [
            Object {
              "Action": "sts:AssumeRole",
              "Effect": "Allow",
              "Principal": Object {
                "Service": "lambda.amazonaws.com",
              },
            },
          ],
          "Version": "2012-10-17",
        },
        "ManagedPolicyArns": Array [
          Object {
            "Fn::Join": Array [
              "",
              Array [
                "arn:",
                Object {
                  "Ref": "AWS::Partition",
                },
                ":iam::aws:policy/service-role/AWSLambdaBasicExecutionRole",
              ],
            ],
          },
        ],
        "Tags": Array [
          Object {
            "Key": "cw-custom-widget",
            "Value": "describe:readOnly",
          },
        ],
      },
      "Type": "AWS::IAM::Role",
    },
    "SupportLambdaServiceRoleDefaultPolicyF2B2E1DB": Object {
      "Properties": Object {
        "PolicyDocument": Object {
          "Statement": Array [
            Object {
              "Action": "cloudwatch:GetMetricWidgetImage",
              "Effect": "Allow",
              "Resource": "*",
            },
          ],
          "Version": "2012-10-17",
        },
        "PolicyName": "SupportLambdaServiceRoleDefaultPolicyF2B2E1DB",
        "Roles": Array [
          Object {
            "Ref": "SupportLambdaServiceRole250832F3",
          },
        ],
      },
      "Type": "AWS::IAM::Policy",
    },
  },
  "Rules": Object {
    "CheckBootstrapVersion": Object {
      "Assertions": Array [
        Object {
          "Assert": Object {
            "Fn::Not": Array [
              Object {
                "Fn::Contains": Array [
                  Array [
                    "1",
                    "2",
                    "3",
                    "4",
                    "5",
                  ],
                  Object {
                    "Ref": "BootstrapVersion",
                  },
                ],
              },
            ],
          },
          "AssertDescription": "CDK bootstrap stack version 6 required. Please run 'cdk bootstrap' with a recent version of the CDK CLI.",
        },
      ],
    },
  },
}
`;
